// Jest Snapshot v1, https://goo.gl/fbAQLP

exports[`Data Form render correctly 1`] = `
<Fragment>
  <styled.div>
    <styled.div>
      <p>
        Reduce/raw
      </p>
      <SelectField
        className="data-type-select"
        name="dataType"
        onChange={[Function]}
        options={
          Array [
            "any",
            "reduced",
            "raw",
          ]
        }
      />
    </styled.div>
  </styled.div>
  <styled.div>
    <styled.div>
      <h5
        className="title is-5"
      >
        Include:
      </h5>
    </styled.div>
  </styled.div>
  <styled.div>
    <label>
      <styled.span>
        <styled.input
          checked={true}
          id="arcs-checkbox"
          name="arcs"
          onChange={[Function]}
        />
      </styled.span>
      <styled.span>
        Arcs
      </styled.span>
    </label>
    <label>
      <styled.span>
        <styled.input
          checked={false}
          id="biases-checkbox"
          name="biases"
          onChange={[Function]}
        />
      </styled.span>
      <styled.span>
        Biases
      </styled.span>
    </label>
    <label>
      <styled.span>
        <styled.input
          checked={false}
          id="flats-checkbox"
          name="flats"
          onChange={[Function]}
        />
      </styled.span>
      <styled.span>
        Flats
      </styled.span>
    </label>
    <label>
      <styled.span>
        <styled.input
          checked={false}
          id="standards-checkbox"
          name="standards"
          onChange={[Function]}
        />
      </styled.span>
      <styled.span>
        Standards
      </styled.span>
    </label>
  </styled.div>
</Fragment>
`;

exports[`Data Form render correctly 2`] = `
<Fragment>
  <styled.div>
    <styled.div>
      <p>
        Reduce/raw
      </p>
      <SelectField
        className="data-type-select"
        name="dataType"
        onChange={[Function]}
        options={
          Array [
            "any",
            "reduced",
            "raw",
          ]
        }
      />
    </styled.div>
  </styled.div>
  <styled.div>
    <styled.div>
      <h5
        className="title is-5"
      >
        Include:
      </h5>
    </styled.div>
  </styled.div>
  <styled.div>
    <label>
      <styled.span>
        <styled.input
          checked={true}
          id="arcs-checkbox"
          name="arcs"
          onChange={[Function]}
        />
      </styled.span>
      <styled.span>
        Arcs
      </styled.span>
    </label>
    <label>
      <styled.span>
        <styled.input
          checked={false}
          id="biases-checkbox"
          name="biases"
          onChange={[Function]}
        />
      </styled.span>
      <styled.span>
        Biases
      </styled.span>
    </label>
    <label>
      <styled.span>
        <styled.input
          checked={false}
          id="flats-checkbox"
          name="flats"
          onChange={[Function]}
        />
      </styled.span>
      <styled.span>
        Flats
      </styled.span>
    </label>
    <label>
      <styled.span>
        <styled.input
          checked={true}
          id="standards-checkbox"
          name="standards"
          onChange={[Function]}
        />
      </styled.span>
      <styled.span>
        Standards
      </styled.span>
    </label>
  </styled.div>
</Fragment>
`;

exports[`Data Form render correctly 3`] = `
<Fragment>
  <styled.div>
    <styled.div>
      <p>
        Reduce/raw
      </p>
      <SelectField
        className="data-type-select"
        name="dataType"
        onChange={[Function]}
        options={
          Array [
            "any",
            "reduced",
            "raw",
          ]
        }
      />
    </styled.div>
  </styled.div>
  <styled.div>
    <styled.div>
      <h5
        className="title is-5"
      >
        Include:
      </h5>
    </styled.div>
  </styled.div>
  <styled.div>
    <label>
      <styled.span>
        <styled.input
          checked={true}
          id="arcs-checkbox"
          name="arcs"
          onChange={[Function]}
        />
      </styled.span>
      <styled.span>
        Arcs
      </styled.span>
    </label>
    <label>
      <styled.span>
        <styled.input
          checked={true}
          id="biases-checkbox"
          name="biases"
          onChange={[Function]}
        />
      </styled.span>
      <styled.span>
        Biases
      </styled.span>
    </label>
    <label>
      <styled.span>
        <styled.input
          checked={true}
          id="flats-checkbox"
          name="flats"
          onChange={[Function]}
        />
      </styled.span>
      <styled.span>
        Flats
      </styled.span>
    </label>
    <label>
      <styled.span>
        <styled.input
          checked={false}
          id="standards-checkbox"
          name="standards"
          onChange={[Function]}
        />
      </styled.span>
      <styled.span>
        Standards
      </styled.span>
    </label>
  </styled.div>
</Fragment>
`;
