// Jest Snapshot v1, https://goo.gl/fbAQLP

exports[`Data Form render correctly 1`] = `
<Fragment>
  <styled.div>
    <styled.div>
      <h5
        className="title is-5"
      >
        Include:
      </h5>
    </styled.div>
  </styled.div>
  <styled.div>
    <label>
      <styled.span>
        <styled.input
          checked={false}
          id="arcs-checkbox"
          name="arc"
          onChange={[Function]}
        />
      </styled.span>
      <styled.span>
        Arcs
      </styled.span>
    </label>
    <label>
      <styled.span>
        <styled.input
          checked={false}
          id="biases-checkbox"
          name="bias"
          onChange={[Function]}
        />
      </styled.span>
      <styled.span>
        Biases
      </styled.span>
    </label>
    <label>
      <styled.span>
        <styled.input
          checked={false}
          id="flats-checkbox"
          name="flat"
          onChange={[Function]}
        />
      </styled.span>
      <styled.span>
        Flats
      </styled.span>
    </label>
    <label>
      <styled.span>
        <styled.input
          checked={false}
          id="standards-checkbox"
          name="standard"
          onChange={[Function]}
        />
      </styled.span>
      <styled.span>
        Standards
      </styled.span>
    </label>
  </styled.div>
</Fragment>
`;

exports[`Data Form render correctly 2`] = `
<Fragment>
  <styled.div>
    <styled.div>
      <h5
        className="title is-5"
      >
        Include:
      </h5>
    </styled.div>
  </styled.div>
  <styled.div>
    <label>
      <styled.span>
        <styled.input
          checked={false}
          id="arcs-checkbox"
          name="arc"
          onChange={[Function]}
        />
      </styled.span>
      <styled.span>
        Arcs
      </styled.span>
    </label>
    <label>
      <styled.span>
        <styled.input
          checked={false}
          id="biases-checkbox"
          name="bias"
          onChange={[Function]}
        />
      </styled.span>
      <styled.span>
        Biases
      </styled.span>
    </label>
    <label>
      <styled.span>
        <styled.input
          checked={false}
          id="flats-checkbox"
          name="flat"
          onChange={[Function]}
        />
      </styled.span>
      <styled.span>
        Flats
      </styled.span>
    </label>
    <label>
      <styled.span>
        <styled.input
          checked={false}
          id="standards-checkbox"
          name="standard"
          onChange={[Function]}
        />
      </styled.span>
      <styled.span>
        Standards
      </styled.span>
    </label>
  </styled.div>
</Fragment>
`;

exports[`Data Form render correctly 3`] = `
<Fragment>
  <styled.div>
    <styled.div>
      <h5
        className="title is-5"
      >
        Include:
      </h5>
    </styled.div>
  </styled.div>
  <styled.div>
    <label>
      <styled.span>
        <styled.input
          checked={false}
          id="arcs-checkbox"
          name="arc"
          onChange={[Function]}
        />
      </styled.span>
      <styled.span>
        Arcs
      </styled.span>
    </label>
    <label>
      <styled.span>
        <styled.input
          checked={false}
          id="biases-checkbox"
          name="bias"
          onChange={[Function]}
        />
      </styled.span>
      <styled.span>
        Biases
      </styled.span>
    </label>
    <label>
      <styled.span>
        <styled.input
          checked={false}
          id="flats-checkbox"
          name="flat"
          onChange={[Function]}
        />
      </styled.span>
      <styled.span>
        Flats
      </styled.span>
    </label>
    <label>
      <styled.span>
        <styled.input
          checked={false}
          id="standards-checkbox"
          name="standard"
          onChange={[Function]}
        />
      </styled.span>
      <styled.span>
        Standards
      </styled.span>
    </label>
  </styled.div>
</Fragment>
`;
